Archive member included to satisfy reference by file (symbol)

c:/st/stm32cubeide_1.3.0/stm32cubeide/plugins/com.st.stm32cube.ide.mcu.externaltools.gnu-tools-for-stm32.7-2018-q2-update.win32_1.0.0.201904181610/tools/bin/../lib/gcc/arm-none-eabi/7.3.1/../../../../arm-none-eabi/lib/thumb/v6-m\libc_nano.a(lib_a-errno.o)
                              Core/Src/syscalls.o (__errno)
c:/st/stm32cubeide_1.3.0/stm32cubeide/plugins/com.st.stm32cube.ide.mcu.externaltools.gnu-tools-for-stm32.7-2018-q2-update.win32_1.0.0.201904181610/tools/bin/../lib/gcc/arm-none-eabi/7.3.1/../../../../arm-none-eabi/lib/thumb/v6-m\libc_nano.a(lib_a-exit.o)
                              c:/st/stm32cubeide_1.3.0/stm32cubeide/plugins/com.st.stm32cube.ide.mcu.externaltools.gnu-tools-for-stm32.7-2018-q2-update.win32_1.0.0.201904181610/tools/bin/../lib/gcc/arm-none-eabi/7.3.1/../../../../arm-none-eabi/lib/thumb/v6-m/crt0.o (exit)
c:/st/stm32cubeide_1.3.0/stm32cubeide/plugins/com.st.stm32cube.ide.mcu.externaltools.gnu-tools-for-stm32.7-2018-q2-update.win32_1.0.0.201904181610/tools/bin/../lib/gcc/arm-none-eabi/7.3.1/../../../../arm-none-eabi/lib/thumb/v6-m\libc_nano.a(lib_a-impure.o)
                              c:/st/stm32cubeide_1.3.0/stm32cubeide/plugins/com.st.stm32cube.ide.mcu.externaltools.gnu-tools-for-stm32.7-2018-q2-update.win32_1.0.0.201904181610/tools/bin/../lib/gcc/arm-none-eabi/7.3.1/../../../../arm-none-eabi/lib/thumb/v6-m\libc_nano.a(lib_a-exit.o) (_global_impure_ptr)
c:/st/stm32cubeide_1.3.0/stm32cubeide/plugins/com.st.stm32cube.ide.mcu.externaltools.gnu-tools-for-stm32.7-2018-q2-update.win32_1.0.0.201904181610/tools/bin/../lib/gcc/arm-none-eabi/7.3.1/../../../../arm-none-eabi/lib/thumb/v6-m\libc_nano.a(lib_a-init.o)
                              c:/st/stm32cubeide_1.3.0/stm32cubeide/plugins/com.st.stm32cube.ide.mcu.externaltools.gnu-tools-for-stm32.7-2018-q2-update.win32_1.0.0.201904181610/tools/bin/../lib/gcc/arm-none-eabi/7.3.1/../../../../arm-none-eabi/lib/thumb/v6-m/crt0.o (__libc_init_array)
c:/st/stm32cubeide_1.3.0/stm32cubeide/plugins/com.st.stm32cube.ide.mcu.externaltools.gnu-tools-for-stm32.7-2018-q2-update.win32_1.0.0.201904181610/tools/bin/../lib/gcc/arm-none-eabi/7.3.1/../../../../arm-none-eabi/lib/thumb/v6-m\libc_nano.a(lib_a-memset.o)
                              c:/st/stm32cubeide_1.3.0/stm32cubeide/plugins/com.st.stm32cube.ide.mcu.externaltools.gnu-tools-for-stm32.7-2018-q2-update.win32_1.0.0.201904181610/tools/bin/../lib/gcc/arm-none-eabi/7.3.1/../../../../arm-none-eabi/lib/thumb/v6-m/crt0.o (memset)
c:/st/stm32cubeide_1.3.0/stm32cubeide/plugins/com.st.stm32cube.ide.mcu.externaltools.gnu-tools-for-stm32.7-2018-q2-update.win32_1.0.0.201904181610/tools/bin/../lib/gcc/arm-none-eabi/7.3.1/thumb/v6-m\libgcc.a(_udivsi3.o)
                              Core/Src/system_stm32l0xx.o (__aeabi_uidiv)
c:/st/stm32cubeide_1.3.0/stm32cubeide/plugins/com.st.stm32cube.ide.mcu.externaltools.gnu-tools-for-stm32.7-2018-q2-update.win32_1.0.0.201904181610/tools/bin/../lib/gcc/arm-none-eabi/7.3.1/thumb/v6-m\libgcc.a(_dvmd_tls.o)
                              c:/st/stm32cubeide_1.3.0/stm32cubeide/plugins/com.st.stm32cube.ide.mcu.externaltools.gnu-tools-for-stm32.7-2018-q2-update.win32_1.0.0.201904181610/tools/bin/../lib/gcc/arm-none-eabi/7.3.1/thumb/v6-m\libgcc.a(_udivsi3.o) (__aeabi_idiv0)
c:/st/stm32cubeide_1.3.0/stm32cubeide/plugins/com.st.stm32cube.ide.mcu.externaltools.gnu-tools-for-stm32.7-2018-q2-update.win32_1.0.0.201904181610/tools/bin/../lib/gcc/arm-none-eabi/7.3.1/thumb/v6-m\libgcc.a(_aeabi_uldivmod.o)
                              Drivers/STM32L0xx_HAL_Driver/Src/stm32l0xx_hal_uart.o (__aeabi_uldivmod)
c:/st/stm32cubeide_1.3.0/stm32cubeide/plugins/com.st.stm32cube.ide.mcu.externaltools.gnu-tools-for-stm32.7-2018-q2-update.win32_1.0.0.201904181610/tools/bin/../lib/gcc/arm-none-eabi/7.3.1/thumb/v6-m\libgcc.a(_udivmoddi4.o)
                              c:/st/stm32cubeide_1.3.0/stm32cubeide/plugins/com.st.stm32cube.ide.mcu.externaltools.gnu-tools-for-stm32.7-2018-q2-update.win32_1.0.0.201904181610/tools/bin/../lib/gcc/arm-none-eabi/7.3.1/thumb/v6-m\libgcc.a(_aeabi_uldivmod.o) (__udivmoddi4)
c:/st/stm32cubeide_1.3.0/stm32cubeide/plugins/com.st.stm32cube.ide.mcu.externaltools.gnu-tools-for-stm32.7-2018-q2-update.win32_1.0.0.201904181610/tools/bin/../lib/gcc/arm-none-eabi/7.3.1/thumb/v6-m\libgcc.a(_clzdi2.o)
                              c:/st/stm32cubeide_1.3.0/stm32cubeide/plugins/com.st.stm32cube.ide.mcu.externaltools.gnu-tools-for-stm32.7-2018-q2-update.win32_1.0.0.201904181610/tools/bin/../lib/gcc/arm-none-eabi/7.3.1/thumb/v6-m\libgcc.a(_udivmoddi4.o) (__clzdi2)
c:/st/stm32cubeide_1.3.0/stm32cubeide/plugins/com.st.stm32cube.ide.mcu.externaltools.gnu-tools-for-stm32.7-2018-q2-update.win32_1.0.0.201904181610/tools/bin/../lib/gcc/arm-none-eabi/7.3.1/thumb/v6-m\libgcc.a(_clzsi2.o)
[...]
Memory Configuration

Name             Origin             Length             Attributes
RAM              0x0000000020000000 0x0000000000005000 xrw
FLASH            0x0000000008000000 0x0000000000030000 xr
*default*        0x0000000000000000 0xffffffffffffffff

Linker script and memory map

LOAD c:/st/stm32cubeide_1.3.0/stm32cubeide/plugins/com.st.stm32cube.ide.mcu.externaltools.gnu-tools-for-stm32.7-2018-q2-update.win32_1.0.0.201904181610/tools/bin/../lib/gcc/arm-none-eabi/7.3.1/thumb/v6-m/crti.o
LOAD c:/st/stm32cubeide_1.3.0/stm32cubeide/plugins/com.st.stm32cube.ide.mcu.externaltools.gnu-tools-for-stm32.7-2018-q2-update.win32_1.0.0.201904181610/tools/bin/../lib/gcc/arm-none-eabi/7.3.1/thumb/v6-m/crtbegin.o
LOAD c:/st/stm32cubeide_1.3.0/stm32cubeide/plugins/com.st.stm32cube.ide.mcu.externaltools.gnu-tools-for-stm32.7-2018-q2-update.win32_1.0.0.201904181610/tools/bin/../lib/gcc/arm-none-eabi/7.3.1/../../../../arm-none-eabi/lib/thumb/v6-m/crt0.o
LOAD Core/Src/BarramentoLeds.o
LOAD Core/Src/gpio.o
LOAD Core/Src/main.o
LOAD Core/Src/stm32l0xx_hal_msp.o
LOAD Core/Src/stm32l0xx_it.o
LOAD Core/Src/syscalls.o
LOAD Core/Src/sysmem.o
LOAD Core/Src/system_stm32l0xx.o
LOAD Core/Src/usart.o
LOAD Core/Startup/startup_stm32l073rztx.o
LOAD Drivers/STM32L0xx_HAL_Driver/Src/stm32l0xx_hal.o
LOAD Drivers/STM32L0xx_HAL_Driver/Src/stm32l0xx_hal_cortex.o
LOAD Drivers/STM32L0xx_HAL_Driver/Src/stm32l0xx_hal_dma.o
LOAD Drivers/STM32L0xx_HAL_Driver/Src/stm32l0xx_hal_flash.o
LOAD Drivers/STM32L0xx_HAL_Driver/Src/stm32l0xx_hal_flash_ex.o
LOAD Drivers/STM32L0xx_HAL_Driver/Src/stm32l0xx_hal_flash_ramfunc.o
LOAD Drivers/STM32L0xx_HAL_Driver/Src/stm32l0xx_hal_gpio.o
LOAD Drivers/STM32L0xx_HAL_Driver/Src/stm32l0xx_hal_i2c.o
LOAD Drivers/STM32L0xx_HAL_Driver/Src/stm32l0xx_hal_i2c_ex.o
LOAD Drivers/STM32L0xx_HAL_Driver/Src/stm32l0xx_hal_pwr.o
LOAD Drivers/STM32L0xx_HAL_Driver/Src/stm32l0xx_hal_pwr_ex.o
LOAD Drivers/STM32L0xx_HAL_Driver/Src/stm32l0xx_hal_rcc.o
LOAD Drivers/STM32L0xx_HAL_Driver/Src/stm32l0xx_hal_rcc_ex.o
LOAD Drivers/STM32L0xx_HAL_Driver/Src/stm32l0xx_hal_tim.o
LOAD Drivers/STM32L0xx_HAL_Driver/Src/stm32l0xx_hal_tim_ex.o
LOAD Drivers/STM32L0xx_HAL_Driver/Src/stm32l0xx_hal_uart.o
LOAD Drivers/STM32L0xx_HAL_Driver/Src/stm32l0xx_hal_uart_ex.o
START GROUP
LOAD c:/st/stm32cubeide_1.3.0/stm32cubeide/plugins/com.st.stm32cube.ide.mcu.externaltools.gnu-tools-for-stm32.7-2018-q2-update.win32_1.0.0.201904181610/tools/bin/../lib/gcc/arm-none-eabi/7.3.1/../../../../arm-none-eabi/lib/thumb/v6-m\libc_nano.a
LOAD c:/st/stm32cubeide_1.3.0/stm32cubeide/plugins/com.st.stm32cube.ide.mcu.externaltools.gnu-tools-for-stm32.7-2018-q2-update.win32_1.0.0.201904181610/tools/bin/../lib/gcc/arm-none-eabi/7.3.1/../../../../arm-none-eabi/lib/thumb/v6-m\libm.a
END GROUP
START GROUP
LOAD c:/st/stm32cubeide_1.3.0/stm32cubeide/plugins/com.st.stm32cube.ide.mcu.externaltools.gnu-tools-for-stm32.7-2018-q2-update.win32_1.0.0.201904181610/tools/bin/../lib/gcc/arm-none-eabi/7.3.1/thumb/v6-m\libgcc.a
LOAD c:/st/stm32cubeide_1.3.0/stm32cubeide/plugins/com.st.stm32cube.ide.mcu.externaltools.gnu-tools-for-stm32.7-2018-q2-update.win32_1.0.0.201904181610/tools/bin/../lib/gcc/arm-none-eabi/7.3.1/../../../../arm-none-eabi/lib/thumb/v6-m\libc_nano.a
END GROUP
START GROUP
LOAD c:/st/stm32cubeide_1.3.0/stm32cubeide/plugins/com.st.stm32cube.ide.mcu.externaltools.gnu-tools-for-stm32.7-2018-q2-update.win32_1.0.0.201904181610/tools/bin/../lib/gcc/arm-none-eabi/7.3.1/thumb/v6-m\libgcc.a
LOAD c:/st/stm32cubeide_1.3.0/stm32cubeide/plugins/com.st.stm32cube.ide.mcu.externaltools.gnu-tools-for-stm32.7-2018-q2-update.win32_1.0.0.201904181610/tools/bin/../lib/gcc/arm-none-eabi/7.3.1/../../../../arm-none-eabi/lib/thumb/v6-m\libc_nano.a
LOAD c:/st/stm32cubeide_1.3.0/stm32cubeide/plugins/com.st.stm32cube.ide.mcu.externaltools.gnu-tools-for-stm32.7-2018-q2-update.win32_1.0.0.201904181610/tools/bin/../lib/gcc/arm-none-eabi/7.3.1/../../../../arm-none-eabi/lib/thumb/v6-m\libnosys.a
END GROUP
START GROUP
LOAD c:/st/stm32cubeide_1.3.0/stm32cubeide/plugins/com.st.stm32cube.ide.mcu.externaltools.gnu-tools-for-stm32.7-2018-q2-update.win32_1.0.0.201904181610/tools/bin/../lib/gcc/arm-none-eabi/7.3.1/thumb/v6-m\libgcc.a
LOAD c:/st/stm32cubeide_1.3.0/stm32cubeide/plugins/com.st.stm32cube.ide.mcu.externaltools.gnu-tools-for-stm32.7-2018-q2-update.win32_1.0.0.201904181610/tools/bin/../lib/gcc/arm-none-eabi/7.3.1/../../../../arm-none-eabi/lib/thumb/v6-m\libc_nano.a
LOAD c:/st/stm32cubeide_1.3.0/stm32cubeide/plugins/com.st.stm32cube.ide.mcu.externaltools.gnu-tools-for-stm32.7-2018-q2-update.win32_1.0.0.201904181610/tools/bin/../lib/gcc/arm-none-eabi/7.3.1/../../../../arm-none-eabi/lib/thumb/v6-m\libnosys.a
END GROUP
LOAD c:/st/stm32cubeide_1.3.0/stm32cubeide/plugins/com.st.stm32cube.ide.mcu.externaltools.gnu-tools-for-stm32.7-2018-q2-update.win32_1.0.0.201904181610/tools/bin/../lib/gcc/arm-none-eabi/7.3.1/thumb/v6-m/crtend.o
LOAD c:/st/stm32cubeide_1.3.0/stm32cubeide/plugins/com.st.stm32cube.ide.mcu.externaltools.gnu-tools-for-stm32.7-2018-q2-update.win32_1.0.0.201904181610/tools/bin/../lib/gcc/arm-none-eabi/7.3.1/thumb/v6-m/crtn.o
                0x0000000020005000                _estack = (ORIGIN (RAM) + LENGTH (RAM))
                0x0000000000000200                _Min_Heap_Size = 0x200
                0x0000000000000400                _Min_Stack_Size = 0x400

.isr_vector     0x0000000008000000       0xc0
                0x0000000008000000                . = ALIGN (0x4)
 *(.isr_vector)
 .isr_vector    0x0000000008000000       0xc0 Core/Startup/startup_stm32l073rztx.o
                0x0000000008000000                g_pfnVectors
                0x00000000080000c0                . = ALIGN (0x4)

.text           0x00000000080000c0     0x281c
                0x00000000080000c0                . = ALIGN (0x4)
 *(.text)
 .text          0x00000000080000c0       0x48 c:/st/stm32cubeide_1.3.0/stm32cubeide/plugins/com.st.stm32cube.ide.mcu.externaltools.gnu-tools-for-stm32.7-2018-q2-update.win32_1.0.0.201904181610/tools/bin/../lib/gcc/arm-none-eabi/7.3.1/thumb/v6-m/crtbegin.o
 .text          0x0000000008000108      0x114 c:/st/stm32cubeide_1.3.0/stm32cubeide/plugins/com.st.stm32cube.ide.mcu.externaltools.gnu-tools-for-stm32.7-2018-q2-update.win32_1.0.0.201904181610/tools/bin/../lib/gcc/arm-none-eabi/7.3.1/thumb/v6-m\libgcc.a(_udivsi3.o)
                0x0000000008000108                __aeabi_uidiv
                0x0000000008000108                __udivsi3
                0x0000000008000214                __aeabi_uidivmod
 .text          0x000000000800021c        0x4 c:/st/stm32cubeide_1.3.0/stm32cubeide/plugins/com.st.stm32cube.ide.mcu.externaltools.gnu-tools-for-stm32.7-2018-q2-update.win32_1.0.0.201904181610/tools/bin/../lib/gcc/arm-none-eabi/7.3.1/thumb/v6-m\libgcc.a(_dvmd_tls.o)
                0x000000000800021c                __aeabi_idiv0
                0x000000000800021c                __aeabi_ldiv0
 .text          0x0000000008000220       0x40 c:/st/stm32cubeide_1.3.0/stm32cubeide/plugins/com.st.stm32cube.ide.mcu.externaltools.gnu-tools-for-stm32.7-2018-q2-update.win32_1.0.0.201904181610/tools/bin/../lib/gcc/arm-none-eabi/7.3.1/thumb/v6-m\libgcc.a(_aeabi_uldivmod.o)
                0x0000000008000220                __aeabi_uldivmod
 .text          0x0000000008000260      0x184 c:/st/stm32cubeide_1.3.0/stm32cubeide/plugins/com.st.stm32cube.ide.mcu.externaltools.gnu-tools-for-stm32.7-2018-q2-update.win32_1.0.0.201904181610/tools/bin/../lib/gcc/arm-none-eabi/7.3.1/thumb/v6-m\libgcc.a(_udivmoddi4.o)
                0x0000000008000260                __udivmoddi4
 .text          0x00000000080003e4       0x18 c:/st/stm32cubeide_1.3.0/stm32cubeide/plugins/com.st.stm32cube.ide.mcu.externaltools.gnu-tools-for-stm32.7-2018-q2-update.win32_1.0.0.201904181610/tools/bin/../lib/gcc/arm-none-eabi/7.3.1/thumb/v6-m\libgcc.a(_clzdi2.o)
                0x00000000080003e4                __clzdi2
 .text          0x00000000080003fc       0x3c c:/st/stm32cubeide_1.3.0/stm32cubeide/plugins/com.st.stm32cube.ide.mcu.externaltools.gnu-tools-for-stm32.7-2018-q2-update.win32_1.0.0.201904181610/tools/bin/../lib/gcc/arm-none-eabi/7.3.1/thumb/v6-m\libgcc.a(_clzsi2.o)
                0x00000000080003fc                __clzsi2
 *(.text*)
 .text.controleLED
                0x0000000008000438      0x20c Core/Src/BarramentoLeds.o
                0x0000000008000438                controleLED
 .text.MX_GPIO_Init
                0x0000000008000644       0xfc Core/Src/gpio.o
                0x0000000008000644                MX_GPIO_Init
 .text.main     0x0000000008000740       0x76 Core/Src/main.o
                0x0000000008000740                main
 *fill*         0x00000000080007b6        0x2 
 .text.SystemClock_Config
                0x00000000080007b8       0xd8 Core/Src/main.o
                0x00000000080007b8                SystemClock_Config
 .text.Error_Handler
                0x0000000008000890        0xa Core/Src/main.o
                0x0000000008000890                Error_Handler
 *fill*         0x000000000800089a        0x2 
 .text.HAL_MspInit
                0x000000000800089c       0x28 Core/Src/stm32l0xx_hal_msp.o
                0x000000000800089c                HAL_MspInit
 .text.NMI_Handler
                0x00000000080008c4        0xa Core/Src/stm32l0xx_it.o
                0x00000000080008c4                NMI_Handler
 .text.HardFault_Handler
                0x00000000080008ce        0x6 Core/Src/stm32l0xx_it.o
                0x00000000080008ce                HardFault_Handler
 .text.SVC_Handler
                0x00000000080008d4        0xa Core/Src/stm32l0xx_it.o
                0x00000000080008d4                SVC_Handler
 .text.PendSV_Handler
                0x00000000080008de        0xa Core/Src/stm32l0xx_it.o
                0x00000000080008de                PendSV_Handler
 .text.SysTick_Handler
                0x00000000080008e8        0xe Core/Src/stm32l0xx_it.o
                0x00000000080008e8                SysTick_Handler
 *fill*         0x00000000080008f6        0x2 
 .text.SystemInit
                0x00000000080008f8       0x7c Core/Src/system_stm32l0xx.o
                0x00000000080008f8                SystemInit
 .text.MX_USART2_UART_Init
                0x0000000008000974       0x60 Core/Src/usart.o
                0x0000000008000974                MX_USART2_UART_Init
 .text.HAL_UART_MspInit
                0x00000000080009d4       0x88 Core/Src/usart.o
                0x00000000080009d4                HAL_UART_MspInit
 .text.Reset_Handler
                0x0000000008000a5c       0x50 Core/Startup/startup_stm32l073rztx.o
                0x0000000008000a5c                Reset_Handler
 .text.Default_Handler
                0x0000000008000aac        0x2 Core/Startup/startup_stm32l073rztx.o
                0x0000000008000aac                TSC_IRQHandler
                0x0000000008000aac                ADC1_COMP_IRQHandler
                0x0000000008000aac                PVD_IRQHandler
                0x0000000008000aac                I2C1_IRQHandler
                0x0000000008000aac                RCC_CRS_IRQHandler
                0x0000000008000aac                SPI1_IRQHandler
                0x0000000008000aac                TIM6_DAC_IRQHandler
                0x0000000008000aac                EXTI2_3_IRQHandler
                0x0000000008000aac                I2C2_IRQHandler
                0x0000000008000aac                RTC_IRQHandler
                0x0000000008000aac                LCD_IRQHandler
                0x0000000008000aac                DMA1_Channel4_5_6_7_IRQHandler
                0x0000000008000aac                TIM3_IRQHandler
                0x0000000008000aac                EXTI4_15_IRQHandler
                0x0000000008000aac                DMA1_Channel1_IRQHandler
                0x0000000008000aac                USART4_5_IRQHandler
                0x0000000008000aac                Default_Handler
                0x0000000008000aac                TIM22_IRQHandler
                0x0000000008000aac                TIM7_IRQHandler
                0x0000000008000aac                EXTI0_1_IRQHandler
                0x0000000008000aac                USB_IRQHandler
                0x0000000008000aac                I2C3_IRQHandler
                0x0000000008000aac                SPI2_IRQHandler
                0x0000000008000aac                TIM21_IRQHandler
                0x0000000008000aac                WWDG_IRQHandler
                0x0000000008000aac                TIM2_IRQHandler
                0x0000000008000aac                DMA1_Channel2_3_IRQHandler
                0x0000000008000aac                USART2_IRQHandler
                0x0000000008000aac                FLASH_IRQHandler
                0x0000000008000aac                USART1_IRQHandler
                0x0000000008000aac                RNG_LPUART1_IRQHandler
                0x0000000008000aac                LPTIM1_IRQHandler
 *fill*         0x0000000008000aae        0x2 
 .text.HAL_Init
                0x0000000008000ab0       0x40 Drivers/STM32L0xx_HAL_Driver/Src/stm32l0xx_hal.o
                0x0000000008000ab0                HAL_Init
 .text.HAL_InitTick
                0x0000000008000af0       0x54 Drivers/STM32L0xx_HAL_Driver/Src/stm32l0xx_hal.o
                0x0000000008000af0                HAL_InitTick
 .text.HAL_IncTick
                0x0000000008000b44       0x18 Drivers/STM32L0xx_HAL_Driver/Src/stm32l0xx_hal.o
                0x0000000008000b44                HAL_IncTick
 .text.HAL_GetTick
                0x0000000008000b5c       0x14 Drivers/STM32L0xx_HAL_Driver/Src/stm32l0xx_hal.o
                0x0000000008000b5c                HAL_GetTick
 .text.HAL_Delay
                0x0000000008000b70       0x3a Drivers/STM32L0xx_HAL_Driver/Src/stm32l0xx_hal.o
                0x0000000008000b70                HAL_Delay
 *fill*         0x0000000008000baa        0x2 
 .text.NVIC_SetPriority
                0x0000000008000bac       0xdc Drivers/STM32L0xx_HAL_Driver/Src/stm32l0xx_hal_cortex.o
 .text.SysTick_Config
                0x0000000008000c88       0x48 Drivers/STM32L0xx_HAL_Driver/Src/stm32l0xx_hal_cortex.o
 .text.HAL_NVIC_SetPriority
                0x0000000008000cd0       0x2a Drivers/STM32L0xx_HAL_Driver/Src/stm32l0xx_hal_cortex.o
                0x0000000008000cd0                HAL_NVIC_SetPriority
 .text.HAL_SYSTICK_Config
                0x0000000008000cfa       0x1a Drivers/STM32L0xx_HAL_Driver/Src/stm32l0xx_hal_cortex.o
                0x0000000008000cfa                HAL_SYSTICK_Config
 .text.HAL_GPIO_Init
                0x0000000008000d14      0x2fc Drivers/STM32L0xx_HAL_Driver/Src/stm32l0xx_hal_gpio.o
                0x0000000008000d14                HAL_GPIO_Init
 .text.HAL_GPIO_ReadPin
                0x0000000008001010       0x3a Drivers/STM32L0xx_HAL_Driver/Src/stm32l0xx_hal_gpio.o
                0x0000000008001010                HAL_GPIO_ReadPin
 .text.HAL_GPIO_WritePin
                0x000000000800104a       0x3a Drivers/STM32L0xx_HAL_Driver/Src/stm32l0xx_hal_gpio.o
                0x000000000800104a                HAL_GPIO_WritePin
 .text.HAL_RCC_OscConfig
                0x0000000008001084      0x7a0 Drivers/STM32L0xx_HAL_Driver/Src/stm32l0xx_hal_rcc.o
                0x0000000008001084                HAL_RCC_OscConfig
 .text.HAL_RCC_ClockConfig
                0x0000000008001824      0x254 Drivers/STM32L0xx_HAL_Driver/Src/stm32l0xx_hal_rcc.o
                0x0000000008001824                HAL_RCC_ClockConfig
 .text.HAL_RCC_GetSysClockFreq
                0x0000000008001a78      0x108 Drivers/STM32L0xx_HAL_Driver/Src/stm32l0xx_hal_rcc.o
                0x0000000008001a78                HAL_RCC_GetSysClockFreq
 .text.HAL_RCC_GetHCLKFreq
                0x0000000008001b80       0x14 Drivers/STM32L0xx_HAL_Driver/Src/stm32l0xx_hal_rcc.o
                0x0000000008001b80                HAL_RCC_GetHCLKFreq
 .text.HAL_RCC_GetPCLK1Freq
                0x0000000008001b94       0x2c Drivers/STM32L0xx_HAL_Driver/Src/stm32l0xx_hal_rcc.o
                0x0000000008001b94                HAL_RCC_GetPCLK1Freq
 .text.HAL_RCC_GetPCLK2Freq
                0x0000000008001bc0       0x2c Drivers/STM32L0xx_HAL_Driver/Src/stm32l0xx_hal_rcc.o
                0x0000000008001bc0                HAL_RCC_GetPCLK2Freq
 .text.HAL_RCCEx_PeriphCLKConfig
                0x0000000008001bec      0x2e8 Drivers/STM32L0xx_HAL_Driver/Src/stm32l0xx_hal_rcc_ex.o
                0x0000000008001bec                HAL_RCCEx_PeriphCLKConfig
 .text.HAL_UART_Init
                0x0000000008001ed4       0xa8 Drivers/STM32L0xx_HAL_Driver/Src/stm32l0xx_hal_uart.o
                0x0000000008001ed4                HAL_UART_Init
 .text.UART_SetConfig
                0x0000000008001f7c      0x668 Drivers/STM32L0xx_HAL_Driver/Src/stm32l0xx_hal_uart.o
                0x0000000008001f7c                UART_SetConfig
 .text.UART_AdvFeatureConfig
                0x00000000080025e4      0x168 Drivers/STM32L0xx_HAL_Driver/Src/stm32l0xx_hal_uart.o
                0x00000000080025e4                UART_AdvFeatureConfig
 .text.UART_CheckIdleState
                0x000000000800274c       0x8c Drivers/STM32L0xx_HAL_Driver/Src/stm32l0xx_hal_uart.o
                0x000000000800274c                UART_CheckIdleState
 .text.UART_WaitOnFlagUntilTimeout
                0x00000000080027d8       0x94 Drivers/STM32L0xx_HAL_Driver/Src/stm32l0xx_hal_uart.o
                0x00000000080027d8                UART_WaitOnFlagUntilTimeout
 .text.__libc_init_array
                0x000000000800286c       0x48 c:/st/stm32cubeide_1.3.0/stm32cubeide/plugins/com.st.stm32cube.ide.mcu.externaltools.gnu-tools-for-stm32.7-2018-q2-update.win32_1.0.0.201904181610/tools/bin/../lib/gcc/arm-none-eabi/7.3.1/../../../../arm-none-eabi/lib/thumb/v6-m\libc_nano.a(lib_a-init.o)
                0x000000000800286c                __libc_init_array
 .text.memset   0x00000000080028b4       0x10 c:/st/stm32cubeide_1.3.0/stm32cubeide/plugins/com.st.stm32cube.ide.mcu.externaltools.gnu-tools-for-stm32.7-2018-q2-update.win32_1.0.0.201904181610/tools/bin/../lib/gcc/arm-none-eabi/7.3.1/../../../../arm-none-eabi/lib/thumb/v6-m\libc_nano.a(lib_a-memset.o)
                0x00000000080028b4                memset
 *(.glue_7)
 .glue_7        0x00000000080028c4        0x0 linker stubs
 *(.glue_7t)
 .glue_7t       0x00000000080028c4        0x0 linker stubs
 *(.eh_frame)
 .eh_frame      0x00000000080028c4        0x0 c:/st/stm32cubeide_1.3.0/stm32cubeide/plugins/com.st.stm32cube.ide.mcu.externaltools.gnu-tools-for-stm32.7-2018-q2-update.win32_1.0.0.201904181610/tools/bin/../lib/gcc/arm-none-eabi/7.3.1/thumb/v6-m/crtbegin.o
 *(.init)
 .init          0x00000000080028c4        0x4 c:/st/stm32cubeide_1.3.0/stm32cubeide/plugins/com.st.stm32cube.ide.mcu.externaltools.gnu-tools-for-stm32.7-2018-q2-update.win32_1.0.0.201904181610/tools/bin/../lib/gcc/arm-none-eabi/7.3.1/thumb/v6-m/crti.o
                0x00000000080028c4                _init
 .init          0x00000000080028c8        0x8 c:/st/stm32cubeide_1.3.0/stm32cubeide/plugins/com.st.stm32cube.ide.mcu.externaltools.gnu-tools-for-stm32.7-2018-q2-update.win32_1.0.0.201904181610/tools/bin/../lib/gcc/arm-none-eabi/7.3.1/thumb/v6-m/crtn.o
 *(.fini)
 .fini          0x00000000080028d0        0x4 c:/st/stm32cubeide_1.3.0/stm32cubeide/plugins/com.st.stm32cube.ide.mcu.externaltools.gnu-tools-for-stm32.7-2018-q2-update.win32_1.0.0.201904181610/tools/bin/../lib/gcc/arm-none-eabi/7.3.1/thumb/v6-m/crti.o
                0x00000000080028d0                _fini
 .fini          0x00000000080028d4        0x8 c:/st/stm32cubeide_1.3.0/stm32cubeide/plugins/com.st.stm32cube.ide.mcu.externaltools.gnu-tools-for-stm32.7-2018-q2-update.win32_1.0.0.201904181610/tools/bin/../lib/gcc/arm-none-eabi/7.3.1/thumb/v6-m/crtn.o
                0x00000000080028dc                . = ALIGN (0x4)
                0x00000000080028dc                _etext = .

.vfp11_veneer   0x00000000080028dc        0x0
 .vfp11_veneer  0x00000000080028dc        0x0 linker stubs

.v4_bx          0x00000000080028dc        0x0
 .v4_bx         0x00000000080028dc        0x0 linker stubs

.iplt           0x00000000080028dc        0x0
 .iplt          0x00000000080028dc        0x0 c:/st/stm32cubeide_1.3.0/stm32cubeide/plugins/com.st.stm32cube.ide.mcu.externaltools.gnu-tools-for-stm32.7-2018-q2-update.win32_1.0.0.201904181610/tools/bin/../lib/gcc/arm-none-eabi/7.3.1/thumb/v6-m/crtbegin.o

.rodata         0x00000000080028dc       0x6c
                0x00000000080028dc                . = ALIGN (0x4)
 *(.rodata)
 *(.rodata*)
 .rodata.AHBPrescTable
                0x00000000080028dc       0x10 Core/Src/system_stm32l0xx.o
                0x00000000080028dc                AHBPrescTable
 .rodata.APBPrescTable
                0x00000000080028ec        0x8 Core/Src/system_stm32l0xx.o
                0x00000000080028ec                APBPrescTable
 .rodata.PLLMulTable
                0x00000000080028f4        0x9 Core/Src/system_stm32l0xx.o
                0x00000000080028f4                PLLMulTable
 *fill*         0x00000000080028fd        0x3 
 .rodata.UART_SetConfig
                0x0000000008002900       0x48 Drivers/STM32L0xx_HAL_Driver/Src/stm32l0xx_hal_uart.o
                0x0000000008002948                . = ALIGN (0x4)

.ARM.extab      0x0000000008002948        0x0
                0x0000000008002948                . = ALIGN (0x4)
 *(.ARM.extab* .gnu.linkonce.armextab.*)
                0x0000000008002948                . = ALIGN (0x4)

.ARM            0x0000000008002948        0x8
                0x0000000008002948                . = ALIGN (0x4)
                0x0000000008002948                __exidx_start = .
 *(.ARM.exidx*)
 .ARM.exidx     0x0000000008002948        0x8 c:/st/stm32cubeide_1.3.0/stm32cubeide/plugins/com.st.stm32cube.ide.mcu.externaltools.gnu-tools-for-stm32.7-2018-q2-update.win32_1.0.0.201904181610/tools/bin/../lib/gcc/arm-none-eabi/7.3.1/thumb/v6-m\libgcc.a(_udivmoddi4.o)
                0x0000000008002950                __exidx_end = .
                0x0000000008002950                . = ALIGN (0x4)

.rel.dyn        0x0000000008002950        0x0
 .rel.iplt      0x0000000008002950        0x0 c:/st/stm32cubeide_1.3.0/stm32cubeide/plugins/com.st.stm32cube.ide.mcu.externaltools.gnu-tools-for-stm32.7-2018-q2-update.win32_1.0.0.201904181610/tools/bin/../lib/gcc/arm-none-eabi/7.3.1/thumb/v6-m/crtbegin.o

.preinit_array  0x0000000008002950        0x0
                0x0000000008002950                . = ALIGN (0x4)
                0x0000000008002950                PROVIDE (__preinit_array_start = .)
 *(.preinit_array*)
                0x0000000008002950                PROVIDE (__preinit_array_end = .)
                0x0000000008002950                . = ALIGN (0x4)

.init_array     0x0000000008002950        0x4
                0x0000000008002950                . = ALIGN (0x4)
                0x0000000008002950                PROVIDE (__init_array_start = .)
 *(SORT_BY_NAME(.init_array.*))
 *(.init_array*)
 .init_array    0x0000000008002950        0x4 c:/st/stm32cubeide_1.3.0/stm32cubeide/plugins/com.st.stm32cube.ide.mcu.externaltools.gnu-tools-for-stm32.7-2018-q2-update.win32_1.0.0.201904181610/tools/bin/../lib/gcc/arm-none-eabi/7.3.1/thumb/v6-m/crtbegin.o
                0x0000000008002954                PROVIDE (__init_array_end = .)
                0x0000000008002954                . = ALIGN (0x4)

.fini_array     0x0000000008002954        0x4
                0x0000000008002954                . = ALIGN (0x4)
                [!provide]                        PROVIDE (__fini_array_start = .)
 *(SORT_BY_NAME(.fini_array.*))
 *(.fini_array*)
 .fini_array    0x0000000008002954        0x4 c:/st/stm32cubeide_1.3.0/stm32cubeide/plugins/com.st.stm32cube.ide.mcu.externaltools.gnu-tools-for-stm32.7-2018-q2-update.win32_1.0.0.201904181610/tools/bin/../lib/gcc/arm-none-eabi/7.3.1/thumb/v6-m/crtbegin.o
                [!provide]                        PROVIDE (__fini_array_end = .)
                0x0000000008002958                . = ALIGN (0x4)
                0x0000000008002958                _sidata = LOADADDR (.data)

.data           0x0000000020000000        0x4 load address 0x0000000008002958
                0x0000000020000000                . = ALIGN (0x4)
                0x0000000020000000                _sdata = .
 *(.data)
 *(.data*)
 .data.SystemCoreClock
                0x0000000020000000        0x4 Core/Src/system_stm32l0xx.o
                0x0000000020000000                SystemCoreClock
                0x0000000020000004                . = ALIGN (0x4)
                0x0000000020000004                _edata = .

.igot.plt       0x0000000020000004        0x0 load address 0x000000000800295c
 .igot.plt      0x0000000020000004        0x0 c:/st/stm32cubeide_1.3.0/stm32cubeide/plugins/com.st.stm32cube.ide.mcu.externaltools.gnu-tools-for-stm32.7-2018-q2-update.win32_1.0.0.201904181610/tools/bin/../lib/gcc/arm-none-eabi/7.3.1/thumb/v6-m/crtbegin.o
                0x0000000020000004                . = ALIGN (0x4)

.bss            0x0000000020000004       0xa0 load address 0x000000000800295c
                0x0000000020000004                _sbss = .
                0x0000000020000004                __bss_start__ = _sbss
 *(.bss)
 .bss           0x0000000020000004       0x1c c:/st/stm32cubeide_1.3.0/stm32cubeide/plugins/com.st.stm32cube.ide.mcu.externaltools.gnu-tools-for-stm32.7-2018-q2-update.win32_1.0.0.201904181610/tools/bin/../lib/gcc/arm-none-eabi/7.3.1/thumb/v6-m/crtbegin.o
 *(.bss*)
 *(COMMON)
 COMMON         0x0000000020000020       0x80 Core/Src/usart.o
                0x0000000020000020                huart2
 COMMON         0x00000000200000a0        0x4 Drivers/STM32L0xx_HAL_Driver/Src/stm32l0xx_hal.o
                0x00000000200000a0                uwTick
                0x00000000200000a4                . = ALIGN (0x4)
                0x00000000200000a4                _ebss = .
                0x00000000200000a4                __bss_end__ = _ebss

._user_heap_stack
                0x00000000200000a4      0x604 load address 0x000000000800295c
                0x00000000200000a8                . = ALIGN (0x8)
 *fill*         0x00000000200000a4        0x4 
                0x00000000200000a8                PROVIDE (end = .)
                [!provide]                        PROVIDE (_end = .)
                0x00000000200002a8                . = (. + _Min_Heap_Size)
 *fill*         0x00000000200000a8      0x200 
                0x00000000200006a8                . = (. + _Min_Stack_Size)
 *fill*         0x00000000200002a8      0x400 
                0x00000000200006a8                . = ALIGN (0x8)

/DISCARD/
 libc.a(*)
 libm.a(*)
 libgcc.a(*)

.ARM.attributes
                0x0000000000000000       0x28
 *(.ARM.attributes)
 .ARM.attributes
                0x0000000000000000       0x1e c:/st/stm32cubeide_1.3.0/stm32cubeide/plugins/com.st.stm32cube.ide.mcu.externaltools.gnu-tools-for-stm32.7-2018-q2-update.win32_1.0.0.201904181610/tools/bin/../lib/gcc/arm-none-eabi/7.3.1/thumb/v6-m/crti.o
 .ARM.attributes
                0x000000000000001e       0x2c c:/st/stm32cubeide_1.3.0/stm32cubeide/plugins/com.st.stm32cube.ide.mcu.externaltools.gnu-tools-for-stm32.7-2018-q2-update.win32_1.0.0.201904181610/tools/bin/../lib/gcc/arm-none-eabi/7.3.1/thumb/v6-m/crtbegin.o
 .ARM.attributes
                0x000000000000004a       0x32 Core/Src/BarramentoLeds.o
 .ARM.attributes
                0x000000000000007c       0x32 Core/Src/gpio.o
 .ARM.attributes
                0x00000000000000ae       0x32 Core/Src/main.o
 .ARM.attributes
                0x00000000000000e0       0x32 Core/Src/stm32l0xx_hal_msp.o
 .ARM.attributes
                0x0000000000000112       0x32 Core/Src/stm32l0xx_it.o
 .ARM.attributes
                0x0000000000000144       0x32 Core/Src/system_stm32l0xx.o
 .ARM.attributes
                0x0000000000000176       0x32 Core/Src/usart.o
 .ARM.attributes
                0x00000000000001a8       0x22 Core/Startup/startup_stm32l073rztx.o
 .ARM.attributes
                0x00000000000001ca       0x32 Drivers/STM32L0xx_HAL_Driver/Src/stm32l0xx_hal.o
 .ARM.attributes
                0x00000000000001fc       0x32 Drivers/STM32L0xx_HAL_Driver/Src/stm32l0xx_hal_cortex.o
 .ARM.attributes
                0x000000000000022e       0x32 Drivers/STM32L0xx_HAL_Driver/Src/stm32l0xx_hal_gpio.o
 .ARM.attributes
                0x0000000000000260       0x32 Drivers/STM32L0xx_HAL_Driver/Src/stm32l0xx_hal_rcc.o
 .ARM.attributes
                0x0000000000000292       0x32 Drivers/STM32L0xx_HAL_Driver/Src/stm32l0xx_hal_rcc_ex.o
 .ARM.attributes
                0x00000000000002c4       0x32 Drivers/STM32L0xx_HAL_Driver/Src/stm32l0xx_hal_uart.o
 .ARM.attributes
                0x00000000000002f6       0x2c c:/st/stm32cubeide_1.3.0/stm32cubeide/plugins/com.st.stm32cube.ide.mcu.externaltools.gnu-tools-for-stm32.7-2018-q2-update.win32_1.0.0.201904181610/tools/bin/../lib/gcc/arm-none-eabi/7.3.1/../../../../arm-none-eabi/lib/thumb/v6-m\libc_nano.a(lib_a-init.o)
 .ARM.attributes
                0x0000000000000322       0x2c c:/st/stm32cubeide_1.3.0/stm32cubeide/plugins/com.st.stm32cube.ide.mcu.externaltools.gnu-tools-for-stm32.7-2018-q2-update.win32_1.0.0.201904181610/tools/bin/../lib/gcc/arm-none-eabi/7.3.1/../../../../arm-none-eabi/lib/thumb/v6-m\libc_nano.a(lib_a-memset.o)
 .ARM.attributes
                0x000000000000034e       0x1e c:/st/stm32cubeide_1.3.0/stm32cubeide/plugins/com.st.stm32cube.ide.mcu.externaltools.gnu-tools-for-stm32.7-2018-q2-update.win32_1.0.0.201904181610/tools/bin/../lib/gcc/arm-none-eabi/7.3.1/thumb/v6-m\libgcc.a(_udivsi3.o)
 .ARM.attributes
                0x000000000000036c       0x1e c:/st/stm32cubeide_1.3.0/stm32cubeide/plugins/com.st.stm32cube.ide.mcu.externaltools.gnu-tools-for-stm32.7-2018-q2-update.win32_1.0.0.201904181610/tools/bin/../lib/gcc/arm-none-eabi/7.3.1/thumb/v6-m\libgcc.a(_dvmd_tls.o)
 .ARM.attributes
                0x000000000000038a       0x1e c:/st/stm32cubeide_1.3.0/stm32cubeide/plugins/com.st.stm32cube.ide.mcu.externaltools.gnu-tools-for-stm32.7-2018-q2-update.win32_1.0.0.201904181610/tools/bin/../lib/gcc/arm-none-eabi/7.3.1/thumb/v6-m\libgcc.a(_aeabi_uldivmod.o)
 .ARM.attributes
                0x00000000000003a8       0x2c c:/st/stm32cubeide_1.3.0/stm32cubeide/plugins/com.st.stm32cube.ide.mcu.externaltools.gnu-tools-for-stm32.7-2018-q2-update.win32_1.0.0.201904181610/tools/bin/../lib/gcc/arm-none-eabi/7.3.1/thumb/v6-m\libgcc.a(_udivmoddi4.o)
 .ARM.attributes
                0x00000000000003d4       0x1e c:/st/stm32cubeide_1.3.0/stm32cubeide/plugins/com.st.stm32cube.ide.mcu.externaltools.gnu-tools-for-stm32.7-2018-q2-update.win32_1.0.0.201904181610/tools/bin/../lib/gcc/arm-none-eabi/7.3.1/thumb/v6-m\libgcc.a(_clzdi2.o)
 .ARM.attributes
                0x00000000000003f2       0x1e c:/st/stm32cubeide_1.3.0/stm32cubeide/plugins/com.st.stm32cube.ide.mcu.externaltools.gnu-tools-for-stm32.7-2018-q2-update.win32_1.0.0.201904181610/tools/bin/../lib/gcc/arm-none-eabi/7.3.1/thumb/v6-m\libgcc.a(_clzsi2.o)
 .ARM.attributes
                0x0000000000000410       0x1e c:/st/stm32cubeide_1.3.0/stm32cubeide/plugins/com.st.stm32cube.ide.mcu.externaltools.gnu-tools-for-stm32.7-2018-q2-update.win32_1.0.0.201904181610/tools/bin/../lib/gcc/arm-none-eabi/7.3.1/thumb/v6-m/crtn.o
OUTPUT(capitulo_14.elf elf32-littlearm)

.debug_info     0x0000000000000000     0x5e83
 .debug_info    0x0000000000000000      0x29b Core/Src/BarramentoLeds.o
 .debug_info    0x000000000000029b      0x3e7 Core/Src/gpio.o
 .debug_info    0x0000000000000682      0x8f2 Core/Src/main.o
 .debug_info    0x0000000000000f74      0x25b Core/Src/stm32l0xx_hal_msp.o
 .debug_info    0x00000000000011cf      0x179 Core/Src/stm32l0xx_it.o
 .debug_info    0x0000000000001348      0x390 Core/Src/system_stm32l0xx.o
 .debug_info    0x00000000000016d8      0x8ff Core/Src/usart.o
 .debug_info    0x0000000000001fd7       0x22 Core/Startup/startup_stm32l073rztx.o
 .debug_info    0x0000000000001ff9      0x7f2 Drivers/STM32L0xx_HAL_Driver/Src/stm32l0xx_hal.o
 .debug_info    0x00000000000027eb      0x8e5 Drivers/STM32L0xx_HAL_Driver/Src/stm32l0xx_hal_cortex.o
 .debug_info    0x00000000000030d0      0x6cb Drivers/STM32L0xx_HAL_Driver/Src/stm32l0xx_hal_gpio.o
 .debug_info    0x000000000000379b      0x9a0 Drivers/STM32L0xx_HAL_Driver/Src/stm32l0xx_hal_rcc.o
 .debug_info    0x000000000000413b      0x824 Drivers/STM32L0xx_HAL_Driver/Src/stm32l0xx_hal_rcc_ex.o
 .debug_info    0x000000000000495f     0x1524 Drivers/STM32L0xx_HAL_Driver/Src/stm32l0xx_hal_uart.o

.debug_abbrev   0x0000000000000000     0x146a
 .debug_abbrev  0x0000000000000000      0x138 Core/Src/BarramentoLeds.o
 .debug_abbrev  0x0000000000000138      0x134 Core/Src/gpio.o
 .debug_abbrev  0x000000000000026c      0x183 Core/Src/main.o
 .debug_abbrev  0x00000000000003ef       0xcc Core/Src/stm32l0xx_hal_msp.o
 .debug_abbrev  0x00000000000004bb       0xac Core/Src/stm32l0xx_it.o
 .debug_abbrev  0x0000000000000567      0x111 Core/Src/system_stm32l0xx.o
 .debug_abbrev  0x0000000000000678      0x18e Core/Src/usart.o
 .debug_abbrev  0x0000000000000806       0x12 Core/Startup/startup_stm32l073rztx.o
 .debug_abbrev  0x0000000000000818      0x219 Drivers/STM32L0xx_HAL_Driver/Src/stm32l0xx_hal.o
 .debug_abbrev  0x0000000000000a31      0x261 Drivers/STM32L0xx_HAL_Driver/Src/stm32l0xx_hal_cortex.o
 .debug_abbrev  0x0000000000000c92      0x1c0 Drivers/STM32L0xx_HAL_Driver/Src/stm32l0xx_hal_gpio.o
 .debug_abbrev  0x0000000000000e52      0x21a Drivers/STM32L0xx_HAL_Driver/Src/stm32l0xx_hal_rcc.o
 .debug_abbrev  0x000000000000106c      0x1ea Drivers/STM32L0xx_HAL_Driver/Src/stm32l0xx_hal_rcc_ex.o
 .debug_abbrev  0x0000000000001256      0x214 Drivers/STM32L0xx_HAL_Driver/Src/stm32l0xx_hal_uart.o

.debug_aranges  0x0000000000000000      0x6a8
 .debug_aranges
                0x0000000000000000       0x28 Core/Src/BarramentoLeds.o
 .debug_aranges
                0x0000000000000028       0x20 Core/Src/gpio.o
 .debug_aranges
                0x0000000000000048       0x30 Core/Src/main.o
 .debug_aranges
                0x0000000000000078       0x20 Core/Src/stm32l0xx_hal_msp.o
 .debug_aranges
                0x0000000000000098       0x40 Core/Src/stm32l0xx_it.o
 .debug_aranges
                0x00000000000000d8       0x28 Core/Src/system_stm32l0xx.o
 .debug_aranges
                0x0000000000000100       0x30 Core/Src/usart.o
 .debug_aranges
                0x0000000000000130       0x28 Core/Startup/startup_stm32l073rztx.o
 .debug_aranges
                0x0000000000000158       0xf8 Drivers/STM32L0xx_HAL_Driver/Src/stm32l0xx_hal.o
 .debug_aranges
                0x0000000000000250       0xd8 Drivers/STM32L0xx_HAL_Driver/Src/stm32l0xx_hal_cortex.o
 .debug_aranges
                0x0000000000000328       0x58 Drivers/STM32L0xx_HAL_Driver/Src/stm32l0xx_hal_gpio.o
 .debug_aranges
                0x0000000000000380       0x80 Drivers/STM32L0xx_HAL_Driver/Src/stm32l0xx_hal_rcc.o
 .debug_aranges
                0x0000000000000400       0xb0 Drivers/STM32L0xx_HAL_Driver/Src/stm32l0xx_hal_rcc_ex.o
 .debug_aranges
                0x00000000000004b0      0x1f8 Drivers/STM32L0xx_HAL_Driver/Src/stm32l0xx_hal_uart.o

.debug_ranges   0x0000000000000000      0x5d0
 .debug_ranges  0x0000000000000000       0x18 Core/Src/BarramentoLeds.o
 .debug_ranges  0x0000000000000018       0x10 Core/Src/gpio.o
 .debug_ranges  0x0000000000000028       0x20 Core/Src/main.o
 .debug_ranges  0x0000000000000048       0x10 Core/Src/stm32l0xx_hal_msp.o
 .debug_ranges  0x0000000000000058       0x30 Core/Src/stm32l0xx_it.o
 .debug_ranges  0x0000000000000088       0x18 Core/Src/system_stm32l0xx.o
 .debug_ranges  0x00000000000000a0       0x20 Core/Src/usart.o
 .debug_ranges  0x00000000000000c0       0x20 Core/Startup/startup_stm32l073rztx.o
 .debug_ranges  0x00000000000000e0       0xe8 Drivers/STM32L0xx_HAL_Driver/Src/stm32l0xx_hal.o
 .debug_ranges  0x00000000000001c8       0xc8 Drivers/STM32L0xx_HAL_Driver/Src/stm32l0xx_hal_cortex.o
 .debug_ranges  0x0000000000000290       0x48 Drivers/STM32L0xx_HAL_Driver/Src/stm32l0xx_hal_gpio.o
 .debug_ranges  0x00000000000002d8       0x70 Drivers/STM32L0xx_HAL_Driver/Src/stm32l0xx_hal_rcc.o
 .debug_ranges  0x0000000000000348       0xa0 Drivers/STM32L0xx_HAL_Driver/Src/stm32l0xx_hal_rcc_ex.o
 .debug_ranges  0x00000000000003e8      0x1e8 Drivers/STM32L0xx_HAL_Driver/Src/stm32l0xx_hal_uart.o

.debug_macro    0x0000000000000000    0x1363c
 .debug_macro   0x0000000000000000      0x1c5 Core/Src/BarramentoLeds.o
 .debug_macro   0x00000000000001c5      0xa48 Core/Src/BarramentoLeds.o
 .debug_macro   0x0000000000000c0d       0x22 Core/Src/BarramentoLeds.o
 .debug_macro   0x0000000000000c2f       0x8e Core/Src/BarramentoLeds.o
 .debug_macro   0x0000000000000cbd       0x51 Core/Src/BarramentoLeds.o
 .debug_macro   0x0000000000000d0e       0xef Core/Src/BarramentoLeds.o
 .debug_macro   0x0000000000000dfd       0x6a Core/Src/BarramentoLeds.o
 .debug_macro   0x0000000000000e67      0x1df Core/Src/BarramentoLeds.o
 .debug_macro   0x0000000000001046       0x22 Core/Src/BarramentoLeds.o
 .debug_macro   0x0000000000001068       0x9b Core/Src/BarramentoLeds.o
 .debug_macro   0x0000000000001103       0x2e Core/Src/BarramentoLeds.o
 .debug_macro   0x0000000000001131       0x28 Core/Src/BarramentoLeds.o
 .debug_macro   0x0000000000001159       0x3a Core/Src/BarramentoLeds.o
 .debug_macro   0x0000000000001193       0x26 Core/Src/BarramentoLeds.o
 .debug_macro   0x00000000000011b9      0x44f Core/Src/BarramentoLeds.o
 .debug_macro   0x0000000000001608     0xa43e Core/Src/BarramentoLeds.o
 .debug_macro   0x000000000000ba46       0x3c Core/Src/BarramentoLeds.o
 .debug_macro   0x000000000000ba82     0x352c Core/Src/BarramentoLeds.o
 .debug_macro   0x000000000000efae      0x174 Core/Src/BarramentoLeds.o
 .debug_macro   0x000000000000f122       0x5b Core/Src/BarramentoLeds.o
 .debug_macro   0x000000000000f17d      0x8e4 Core/Src/BarramentoLeds.o
 .debug_macro   0x000000000000fa61      0xbb4 Core/Src/BarramentoLeds.o
 .debug_macro   0x0000000000010615      0x13f Core/Src/BarramentoLeds.o
 .debug_macro   0x0000000000010754      0x1d1 Core/Src/BarramentoLeds.o
 .debug_macro   0x0000000000010925      0x28e Core/Src/BarramentoLeds.o
 .debug_macro   0x0000000000010bb3      0x1e9 Core/Src/BarramentoLeds.o
 .debug_macro   0x0000000000010d9c      0x13e Core/Src/BarramentoLeds.o
 .debug_macro   0x0000000000010eda      0x4b5 Core/Src/BarramentoLeds.o
 .debug_macro   0x000000000001138f      0x22c Core/Src/BarramentoLeds.o
 .debug_macro   0x00000000000115bb       0x5b Core/Src/BarramentoLeds.o
 .debug_macro   0x0000000000011616       0xa5 Core/Src/BarramentoLeds.o
 .debug_macro   0x00000000000116bb      0x18d Core/Src/BarramentoLeds.o
 .debug_macro   0x0000000000011848       0x16 Core/Src/BarramentoLeds.o
 .debug_macro   0x000000000001185e      0x57b Core/Src/BarramentoLeds.o
 .debug_macro   0x0000000000011dd9       0x44 Core/Src/BarramentoLeds.o
 .debug_macro   0x0000000000011e1d      0x199 Core/Src/BarramentoLeds.o
 .debug_macro   0x0000000000011fb6       0xac Core/Src/BarramentoLeds.o
 .debug_macro   0x0000000000012062       0x94 Core/Src/BarramentoLeds.o
 .debug_macro   0x00000000000120f6      0x1bd Core/Src/gpio.o
 .debug_macro   0x00000000000122b3       0x34 Core/Src/gpio.o
 .debug_macro   0x00000000000122e7      0x1e9 Core/Src/main.o
 .debug_macro   0x00000000000124d0      0x1b3 Core/Src/stm32l0xx_hal_msp.o
 .debug_macro   0x0000000000012683      0x1bd Core/Src/stm32l0xx_it.o
 .debug_macro   0x0000000000012840      0x1aa Core/Src/system_stm32l0xx.o
 .debug_macro   0x00000000000129ea      0x1bd Core/Src/usart.o
 .debug_macro   0x0000000000012ba7      0x1c8 Drivers/STM32L0xx_HAL_Driver/Src/stm32l0xx_hal.o
 .debug_macro   0x0000000000012d6f      0x1a4 Drivers/STM32L0xx_HAL_Driver/Src/stm32l0xx_hal_cortex.o
 .debug_macro   0x0000000000012f13      0x1dc Drivers/STM32L0xx_HAL_Driver/Src/stm32l0xx_hal_gpio.o
 .debug_macro   0x00000000000130ef      0x1da Drivers/STM32L0xx_HAL_Driver/Src/stm32l0xx_hal_rcc.o
 .debug_macro   0x00000000000132c9      0x1a4 Drivers/STM32L0xx_HAL_Driver/Src/stm32l0xx_hal_rcc_ex.o
 .debug_macro   0x000000000001346d      0x1cf Drivers/STM32L0xx_HAL_Driver/Src/stm32l0xx_hal_uart.o

.debug_line     0x0000000000000000     0x6f23
 .debug_line    0x0000000000000000      0x74d Core/Src/BarramentoLeds.o
 .debug_line    0x000000000000074d      0x6a9 Core/Src/gpio.o
 .debug_line    0x0000000000000df6      0x72c Core/Src/main.o
 .debug_line    0x0000000000001522      0x69b Core/Src/stm32l0xx_hal_msp.o
 .debug_line    0x0000000000001bbd      0x6ef Core/Src/stm32l0xx_it.o
 .debug_line    0x00000000000022ac      0x6ca Core/Src/system_stm32l0xx.o
 .debug_line    0x0000000000002976      0x6d1 Core/Src/usart.o
 .debug_line    0x0000000000003047       0x8a Core/Startup/startup_stm32l073rztx.o
 .debug_line    0x00000000000030d1      0x8a6 Drivers/STM32L0xx_HAL_Driver/Src/stm32l0xx_hal.o
 .debug_line    0x0000000000003977      0x8d4 Drivers/STM32L0xx_HAL_Driver/Src/stm32l0xx_hal_cortex.o
 .debug_line    0x000000000000424b      0x83c Drivers/STM32L0xx_HAL_Driver/Src/stm32l0xx_hal_gpio.o
 .debug_line    0x0000000000004a87      0x95a Drivers/STM32L0xx_HAL_Driver/Src/stm32l0xx_hal_rcc.o
 .debug_line    0x00000000000053e1      0x9d4 Drivers/STM32L0xx_HAL_Driver/Src/stm32l0xx_hal_rcc_ex.o
 .debug_line    0x0000000000005db5     0x116e Drivers/STM32L0xx_HAL_Driver/Src/stm32l0xx_hal_uart.o

.debug_str      0x0000000000000000    0x77b85
 .debug_str     0x0000000000000000    0x759d6 Core/Src/BarramentoLeds.o
                                      0x75cbf (size before relaxing)
 .debug_str     0x00000000000759d6       0xff Core/Src/gpio.o
                                      0x756bb (size before relaxing)
 .debug_str     0x0000000000075ad5      0x641 Core/Src/main.o
                                      0x762c9 (size before relaxing)
 .debug_str     0x0000000000076116       0x2c Core/Src/stm32l0xx_hal_msp.o
                                      0x75619 (size before relaxing)
 .debug_str     0x0000000000076142       0x76 Core/Src/stm32l0xx_it.o
                                      0x755cb (size before relaxing)
 .debug_str     0x00000000000761b8       0xa6 Core/Src/system_stm32l0xx.o
                                      0x75432 (size before relaxing)
 .debug_str     0x000000000007625e       0x57 Core/Src/usart.o
                                      0x75aba (size before relaxing)
 .debug_str     0x00000000000762b5       0x36 Core/Startup/startup_stm32l073rztx.o
                                         0x72 (size before relaxing)
 .debug_str     0x00000000000762eb      0x55d Drivers/STM32L0xx_HAL_Driver/Src/stm32l0xx_hal.o
                                      0x75a6d (size before relaxing)
 .debug_str     0x0000000000076848      0x2c5 Drivers/STM32L0xx_HAL_Driver/Src/stm32l0xx_hal_cortex.o
                                      0x758a0 (size before relaxing)
 .debug_str     0x0000000000076b0d      0x242 Drivers/STM32L0xx_HAL_Driver/Src/stm32l0xx_hal_gpio.o
                                      0x756e2 (size before relaxing)
 .debug_str     0x0000000000076d4f      0x2d2 Drivers/STM32L0xx_HAL_Driver/Src/stm32l0xx_hal_rcc.o
                                      0x75908 (size before relaxing)
 .debug_str     0x0000000000077021      0x36b Drivers/STM32L0xx_HAL_Driver/Src/stm32l0xx_hal_rcc_ex.o
                                      0x758ce (size before relaxing)
 .debug_str     0x000000000007738c      0x7f9 Drivers/STM32L0xx_HAL_Driver/Src/stm32l0xx_hal_uart.o
                                      0x75ff7 (size before relaxing)

.comment        0x0000000000000000       0x7b
 .comment       0x0000000000000000       0x7b Core/Src/BarramentoLeds.o
                                         0x7c (size before relaxing)
 .comment       0x000000000000007b       0x7c Core/Src/gpio.o
 .comment       0x000000000000007b       0x7c Core/Src/main.o
 .comment       0x000000000000007b       0x7c Core/Src/stm32l0xx_hal_msp.o
 .comment       0x000000000000007b       0x7c Core/Src/stm32l0xx_it.o
 .comment       0x000000000000007b       0x7c Core/Src/system_stm32l0xx.o
 .comment       0x000000000000007b       0x7c Core/Src/usart.o
 .comment       0x000000000000007b       0x7c Drivers/STM32L0xx_HAL_Driver/Src/stm32l0xx_hal.o
 .comment       0x000000000000007b       0x7c Drivers/STM32L0xx_HAL_Driver/Src/stm32l0xx_hal_cortex.o
 .comment       0x000000000000007b       0x7c Drivers/STM32L0xx_HAL_Driver/Src/stm32l0xx_hal_gpio.o
 .comment       0x000000000000007b       0x7c Drivers/STM32L0xx_HAL_Driver/Src/stm32l0xx_hal_rcc.o
 .comment       0x000000000000007b       0x7c Drivers/STM32L0xx_HAL_Driver/Src/stm32l0xx_hal_rcc_ex.o
 .comment       0x000000000000007b       0x7c Drivers/STM32L0xx_HAL_Driver/Src/stm32l0xx_hal_uart.o

.debug_frame    0x0000000000000000     0x15d4
 .debug_frame   0x0000000000000000       0x50 Core/Src/BarramentoLeds.o
 .debug_frame   0x0000000000000050       0x30 Core/Src/gpio.o
 .debug_frame   0x0000000000000080       0x6c Core/Src/main.o
 .debug_frame   0x00000000000000ec       0x2c Core/Src/stm32l0xx_hal_msp.o
 .debug_frame   0x0000000000000118       0x9c Core/Src/stm32l0xx_it.o
 .debug_frame   0x00000000000001b4       0x4c Core/Src/system_stm32l0xx.o
 .debug_frame   0x0000000000000200       0x6c Core/Src/usart.o
 .debug_frame   0x000000000000026c      0x338 Drivers/STM32L0xx_HAL_Driver/Src/stm32l0xx_hal.o
 .debug_frame   0x00000000000005a4      0x2fc Drivers/STM32L0xx_HAL_Driver/Src/stm32l0xx_hal_cortex.o
 .debug_frame   0x00000000000008a0      0x110 Drivers/STM32L0xx_HAL_Driver/Src/stm32l0xx_hal_gpio.o
 .debug_frame   0x00000000000009b0      0x1a4 Drivers/STM32L0xx_HAL_Driver/Src/stm32l0xx_hal_rcc.o
 .debug_frame   0x0000000000000b54      0x244 Drivers/STM32L0xx_HAL_Driver/Src/stm32l0xx_hal_rcc_ex.o
 .debug_frame   0x0000000000000d98      0x794 Drivers/STM32L0xx_HAL_Driver/Src/stm32l0xx_hal_uart.o
 .debug_frame   0x000000000000152c       0x2c c:/st/stm32cubeide_1.3.0/stm32cubeide/plugins/com.st.stm32cube.ide.mcu.externaltools.gnu-tools-for-stm32.7-2018-q2-update.win32_1.0.0.201904181610/tools/bin/../lib/gcc/arm-none-eabi/7.3.1/../../../../arm-none-eabi/lib/thumb/v6-m\libc_nano.a(lib_a-init.o)
 .debug_frame   0x0000000000001558       0x20 c:/st/stm32cubeide_1.3.0/stm32cubeide/plugins/com.st.stm32cube.ide.mcu.externaltools.gnu-tools-for-stm32.7-2018-q2-update.win32_1.0.0.201904181610/tools/bin/../lib/gcc/arm-none-eabi/7.3.1/../../../../arm-none-eabi/lib/thumb/v6-m\libc_nano.a(lib_a-memset.o)
 .debug_frame   0x0000000000001578       0x20 c:/st/stm32cubeide_1.3.0/stm32cubeide/plugins/com.st.stm32cube.ide.mcu.externaltools.gnu-tools-for-stm32.7-2018-q2-update.win32_1.0.0.201904181610/tools/bin/../lib/gcc/arm-none-eabi/7.3.1/thumb/v6-m\libgcc.a(_udivsi3.o)
 .debug_frame   0x0000000000001598       0x3c c:/st/stm32cubeide_1.3.0/stm32cubeide/plugins/com.st.stm32cube.ide.mcu.externaltools.gnu-tools-for-stm32.7-2018-q2-update.win32_1.0.0.201904181610/tools/bin/../lib/gcc/arm-none-eabi/7.3.1/thumb/v6-m\libgcc.a(_udivmoddi4.o)
